
> tasknova-admin-panel@1.0.0 build
> next build

  Γû▓ Next.js 14.2.35
  - Environments: .env.local

   Creating an optimized production build ...
 Γ£ô Compiled successfully
   Linting and checking validity of types ...
node.exe : 
At C:\Program Files\nodejs\npm.ps1:29 char:3
+   & $NODE_EXE $NPM_CLI_JS $args
+   ~~~~~~~~~~~~~~~~~~~~~~~~~~~~~
    + CategoryInfo          : NotSpecified: (:String) [], RemoteException
    + FullyQualifiedErrorId : NativeCommandError
 
Failed to compile.

./src/app/admin/(dashboard)/admins/page.tsx
365:83  Error: Unexpected any. Specify a different type.  
@typescript-eslint/no-explicit-any

./src/app/admin/(dashboard)/blogs/page.tsx
124:21  Error: Unexpected any. Specify a different type.  
@typescript-eslint/no-explicit-any

./src/app/admin/(dashboard)/chat-conversations/page.tsx
208:49  Error: Unexpected any. Specify a different type.  
@typescript-eslint/no-explicit-any

./src/app/admin/(dashboard)/daily-standup-meetings/[id]/page.tsx
197:16  Error: '_error' is defined but never used.  
@typescript-eslint/no-unused-vars

./src/app/admin/(dashboard)/industry-reports/page.tsx
69:21  Error: Unexpected any. Specify a different type.  
@typescript-eslint/no-explicit-any
469:91  Error: Unexpected any. Specify a different type.  
@typescript-eslint/no-explicit-any

./src/app/admin/(dashboard)/meetings-intelligence/[id]/page.tsx
96:16  Error: '_error' is defined but never used.  
@typescript-eslint/no-unused-vars

./src/app/admin/(dashboard)/playbooks/page.tsx
66:21  Error: Unexpected any. Specify a different type.  
@typescript-eslint/no-explicit-any
386:85  Error: Unexpected any. Specify a different type.  
@typescript-eslint/no-explicit-any

./src/app/admin/(dashboard)/project-brain/page.tsx
147:21  Error: Unexpected any. Specify a different type.  
@typescript-eslint/no-explicit-any
168:21  Error: Unexpected any. Specify a different type.  
@typescript-eslint/no-explicit-any
225:21  Error: Unexpected any. Specify a different type.  
@typescript-eslint/no-explicit-any
247:21  Error: Unexpected any. Specify a different type.  
@typescript-eslint/no-explicit-any

./src/components/BrainPage.tsx
94:10  Error: 'groups' is assigned a value but never used.  
@typescript-eslint/no-unused-vars
102:58  Error: Unexpected any. Specify a different type.  
@typescript-eslint/no-explicit-any
106:10  Error: 'selectedContext' is assigned a value but never used.  
@typescript-eslint/no-unused-vars
106:58  Error: Unexpected any. Specify a different type.  
@typescript-eslint/no-explicit-any
122:15  Error: Unexpected any. Specify a different type.  
@typescript-eslint/no-explicit-any
129:6  Warning: React Hook useEffect has a missing dependency: 
'initializeUser'. Either include it or remove the dependency array.  
react-hooks/exhaustive-deps
135:6  Warning: React Hook useEffect has a missing dependency: 
'loadContextMemories'. Either include it or remove the dependency array.  
react-hooks/exhaustive-deps
498:21  Error: Unexpected any. Specify a different type.  
@typescript-eslint/no-explicit-any
509:24  Error: Unexpected any. Specify a different type.  
@typescript-eslint/no-explicit-any
510:19  Error: Unexpected any. Specify a different type.  
@typescript-eslint/no-explicit-any
510:27  Error: Unexpected any. Specify a different type.  
@typescript-eslint/no-explicit-any
985:50  Error: `'` can be escaped with `&apos;`, `&lsquo;`, `&#39;`, 
`&rsquo;`.  react/no-unescaped-entities
1049:59  Error: `'` can be escaped with `&apos;`, `&lsquo;`, `&#39;`, 
`&rsquo;`.  react/no-unescaped-entities
1062:62  Error: `"` can be escaped with `&quot;`, `&ldquo;`, `&#34;`, 
`&rdquo;`.  react/no-unescaped-entities
1062:93  Error: `"` can be escaped with `&quot;`, `&ldquo;`, `&#34;`, 
`&rdquo;`.  react/no-unescaped-entities

./src/components/DataTable.tsx
5:10  Error: 'formatDate' is defined but never used.  
@typescript-eslint/no-unused-vars
10:20  Error: Unexpected any. Specify a different type.  
@typescript-eslint/no-explicit-any
10:30  Error: Unexpected any. Specify a different type.  
@typescript-eslint/no-explicit-any
14:9  Error: Unexpected any. Specify a different type.  
@typescript-eslint/no-explicit-any
16:18  Error: Unexpected any. Specify a different type.  
@typescript-eslint/no-explicit-any
17:18  Error: Unexpected any. Specify a different type.  
@typescript-eslint/no-explicit-any
18:20  Error: Unexpected any. Specify a different type.  
@typescript-eslint/no-explicit-any

./src/components/FileUpload.tsx
60:15  Error: 'data' is assigned a value but never used.  
@typescript-eslint/no-unused-vars
80:21  Error: Unexpected any. Specify a different type.  
@typescript-eslint/no-explicit-any

./src/components/ImageUpload.tsx
52:15  Error: 'data' is assigned a value but never used.  
@typescript-eslint/no-unused-vars
72:21  Error: Unexpected any. Specify a different type.  
@typescript-eslint/no-explicit-any
94:11  Warning: Using `<img>` could result in slower LCP and higher bandwidth. 
Consider using `<Image />` from `next/image` to automatically optimize images. 
This may incur additional usage or cost from your provider. See: 
https://nextjs.org/docs/messages/no-img-element  @next/next/no-img-element

./src/components/ProjectBrainPage.tsx
5:3  Error: 'prepareProjectMetadataForEmbedding' is defined but never used.  
@typescript-eslint/no-unused-vars
104:58  Error: Unexpected any. Specify a different type.  
@typescript-eslint/no-explicit-any
108:10  Error: 'selectedContext' is assigned a value but never used.  
@typescript-eslint/no-unused-vars
108:58  Error: Unexpected any. Specify a different type.  
@typescript-eslint/no-explicit-any
122:15  Error: Unexpected any. Specify a different type.  
@typescript-eslint/no-explicit-any
129:6  Warning: React Hook useEffect has a missing dependency: 
'initializeProject'. Either include it or remove the dependency array.  
react-hooks/exhaustive-deps
135:6  Warning: React Hook useEffect has a missing dependency: 
'loadContextMemories'. Either include it or remove the dependency array.  
react-hooks/exhaustive-deps
186:32  Error: '_uid' is defined but never used.  
@typescript-eslint/no-unused-vars
325:27  Error: Unexpected any. Specify a different type.  
@typescript-eslint/no-explicit-any
546:32  Error: Unexpected any. Specify a different type.  
@typescript-eslint/no-explicit-any
622:21  Error: Unexpected any. Specify a different type.  
@typescript-eslint/no-explicit-any
633:24  Error: Unexpected any. Specify a different type.  
@typescript-eslint/no-explicit-any
634:19  Error: Unexpected any. Specify a different type.  
@typescript-eslint/no-explicit-any
634:27  Error: Unexpected any. Specify a different type.  
@typescript-eslint/no-explicit-any
883:104  Error: Unexpected any. Specify a different type.  
@typescript-eslint/no-explicit-any
1187:40  Error: Unexpected any. Specify a different type.  
@typescript-eslint/no-explicit-any
1191:71  Error: Unexpected any. Specify a different type.  
@typescript-eslint/no-explicit-any
1194:48  Error: Unexpected any. Specify a different type.  
@typescript-eslint/no-explicit-any
1199:41  Error: Unexpected any. Specify a different type.  
@typescript-eslint/no-explicit-any
1201:98  Error: `"` can be escaped with `&quot;`, `&ldquo;`, `&#34;`, 
`&rdquo;`.  react/no-unescaped-entities
1201:110  Error: `"` can be escaped with `&quot;`, `&ldquo;`, `&#34;`, 
`&rdquo;`.  react/no-unescaped-entities
1212:68  Error: Unexpected any. Specify a different type.  
@typescript-eslint/no-explicit-any
1347:50  Error: `'` can be escaped with `&apos;`, `&lsquo;`, `&#39;`, 
`&rsquo;`.  react/no-unescaped-entities
1423:34  Error: `"` can be escaped with `&quot;`, `&ldquo;`, `&#34;`, 
`&rdquo;`.  react/no-unescaped-entities
1423:71  Error: `"` can be escaped with `&quot;`, `&ldquo;`, `&#34;`, 
`&rdquo;`.  react/no-unescaped-entities
1423:76  Error: `"` can be escaped with `&quot;`, `&ldquo;`, `&#34;`, 
`&rdquo;`.  react/no-unescaped-entities
1423:81  Error: `'` can be escaped with `&apos;`, `&lsquo;`, `&#39;`, 
`&rsquo;`.  react/no-unescaped-entities
1423:105  Error: `"` can be escaped with `&quot;`, `&ldquo;`, `&#34;`, 
`&rdquo;`.  react/no-unescaped-entities

./src/lib/auth.ts
42:12  Error: '_err' is defined but never used.  
@typescript-eslint/no-unused-vars

info  - Need to disable some ESLint rules? Learn more here: 
https://nextjs.org/docs/basic-features/eslint#disabling-rules
